Calculating task graph as no cached configuration is available for tasks: test --tests op.edu.ua.petbed.telegram.form.handler.CreateFoundRequestHandlerTest
> Task :processTestResources NO-SOURCE
> Task :processResources UP-TO-DATE
> Task :compileJava UP-TO-DATE
> Task :classes UP-TO-DATE

> Task :compileTestJava FAILED
/home/nolan/Code/pet-bed/src/test/java/op/edu/ua/petbed/telegram/form/handler/CreateFoundRequestHandlerTest.java:61: error: constructor FoundRequestDTO in record FoundRequestDTO cannot be applied to given types;
            FoundRequestDTO createdDto = new FoundRequestDTO(
                                         ^
  required: Long,Long,String,PetType,Point,String,String,String,String,String,String,Instant
  found:    long,Long,String,PetType,Point,String,Instant
  reason: actual and formal argument lists differ in length
/home/nolan/Code/pet-bed/src/test/java/op/edu/ua/petbed/telegram/form/handler/CreateFoundRequestHandlerTest.java:70: error: method create in interface FoundRequestService cannot be applied to given types;
            given(foundRequestService.create(
                                     ^
  required: CreateFoundRequestDTO
  found:    Long,String,PetType,Point,String
  reason: actual and formal argument lists differ in length
/home/nolan/Code/pet-bed/src/test/java/op/edu/ua/petbed/telegram/form/handler/CreateFoundRequestHandlerTest.java:90: error: method create in interface FoundRequestService cannot be applied to given types;
            verify(foundRequestService).create(
                                       ^
  required: CreateFoundRequestDTO
  found:    Long,String,PetType,Point,String
  reason: actual and formal argument lists differ in length
/home/nolan/Code/pet-bed/src/test/java/op/edu/ua/petbed/telegram/form/handler/CreateFoundRequestHandlerTest.java:113: error: method create in interface FoundRequestService cannot be applied to given types;
            verify(foundRequestService).create(
                                       ^
  required: CreateFoundRequestDTO
  found:    Object,Object,Object,Object,String
  reason: actual and formal argument lists differ in length
/home/nolan/Code/pet-bed/src/test/java/op/edu/ua/petbed/telegram/form/handler/CreateFoundRequestHandlerTest.java:137: error: method create in interface FoundRequestService cannot be applied to given types;
            verify(foundRequestService).create(
                                       ^
  required: CreateFoundRequestDTO
  found:    Object,Object,Object,Object,String
  reason: actual and formal argument lists differ in length
/home/nolan/Code/pet-bed/src/test/java/op/edu/ua/petbed/telegram/form/handler/CreateFoundRequestHandlerTest.java:162: error: method create in interface FoundRequestService cannot be applied to given types;
            verify(foundRequestService).create(
                                       ^
  required: CreateFoundRequestDTO
  found:    Object,Object,Object,Object,String
  reason: actual and formal argument lists differ in length
/home/nolan/Code/pet-bed/src/test/java/op/edu/ua/petbed/telegram/form/handler/CreateFoundRequestHandlerTest.java:189: error: method create in interface FoundRequestService cannot be applied to given types;
            verify(foundRequestService).create(
                                       ^
  required: CreateFoundRequestDTO
  found:    Object,Object,Object,Object,String
  reason: actual and formal argument lists differ in length
/home/nolan/Code/pet-bed/src/test/java/op/edu/ua/petbed/telegram/form/handler/CreateFoundRequestHandlerTest.java:239: error: method create in interface FoundRequestService cannot be applied to given types;
            verify(foundRequestService).create(
                                       ^
  required: CreateFoundRequestDTO
  found:    Object,Object,PetType,Object,Object
  reason: actual and formal argument lists differ in length
/home/nolan/Code/pet-bed/src/test/java/op/edu/ua/petbed/telegram/service/FormServiceTest.java:50: error: constructor FormService in class FormService cannot be applied to given types;
            FormService underTest = new FormService(formRepository, List.of(), telegramClient);
                                    ^
  required: FormRepository,List<FormSubmissionHandler>,TelegramClient,TelegramMessageService
  found:    FormRepository,List<Object>,TelegramClient
  reason: actual and formal argument lists differ in length
/home/nolan/Code/pet-bed/src/test/java/op/edu/ua/petbed/telegram/service/FormServiceTest.java:71: error: constructor FormService in class FormService cannot be applied to given types;
            FormService underTest = new FormService(formRepository, List.of(), telegramClient);
                                    ^
  required: FormRepository,List<FormSubmissionHandler>,TelegramClient,TelegramMessageService
  found:    FormRepository,List<Object>,TelegramClient
  reason: actual and formal argument lists differ in length
/home/nolan/Code/pet-bed/src/test/java/op/edu/ua/petbed/telegram/service/FormServiceTest.java:92: error: constructor FormService in class FormService cannot be applied to given types;
            FormService underTest = new FormService(formRepository, List.of(), telegramClient);
                                    ^
  required: FormRepository,List<FormSubmissionHandler>,TelegramClient,TelegramMessageService
  found:    FormRepository,List<Object>,TelegramClient
  reason: actual and formal argument lists differ in length
/home/nolan/Code/pet-bed/src/test/java/op/edu/ua/petbed/telegram/service/FormServiceTest.java:124: error: constructor FormService in class FormService cannot be applied to given types;
            FormService underTest = new FormService(formRepository, List.of(), telegramClient);
                                    ^
  required: FormRepository,List<FormSubmissionHandler>,TelegramClient,TelegramMessageService
  found:    FormRepository,List<Object>,TelegramClient
  reason: actual and formal argument lists differ in length
/home/nolan/Code/pet-bed/src/test/java/op/edu/ua/petbed/telegram/service/FormServiceTest.java:147: error: constructor FormService in class FormService cannot be applied to given types;
            FormService underTest = new FormService(formRepository, List.of(), telegramClient);
                                    ^
  required: FormRepository,List<FormSubmissionHandler>,TelegramClient,TelegramMessageService
  found:    FormRepository,List<Object>,TelegramClient
  reason: actual and formal argument lists differ in length
/home/nolan/Code/pet-bed/src/test/java/op/edu/ua/petbed/telegram/service/FormServiceTest.java:165: error: constructor FormService in class FormService cannot be applied to given types;
            FormService underTest = new FormService(formRepository, List.of(), telegramClient);
                                    ^
  required: FormRepository,List<FormSubmissionHandler>,TelegramClient,TelegramMessageService
  found:    FormRepository,List<Object>,TelegramClient
  reason: actual and formal argument lists differ in length
/home/nolan/Code/pet-bed/src/test/java/op/edu/ua/petbed/telegram/service/FormServiceTest.java:189: error: constructor FormService in class FormService cannot be applied to given types;
            FormService underTest = new FormService(formRepository, List.of(), telegramClient);
                                    ^
  required: FormRepository,List<FormSubmissionHandler>,TelegramClient,TelegramMessageService
  found:    FormRepository,List<Object>,TelegramClient
  reason: actual and formal argument lists differ in length
/home/nolan/Code/pet-bed/src/test/java/op/edu/ua/petbed/telegram/service/FormServiceTest.java:205: error: constructor FormService in class FormService cannot be applied to given types;
            FormService underTest = new FormService(formRepository, List.of(), telegramClient);
                                    ^
  required: FormRepository,List<FormSubmissionHandler>,TelegramClient,TelegramMessageService
  found:    FormRepository,List<Object>,TelegramClient
  reason: actual and formal argument lists differ in length
/home/nolan/Code/pet-bed/src/test/java/op/edu/ua/petbed/telegram/service/FormServiceTest.java:233: error: constructor FormService in class FormService cannot be applied to given types;
            FormService serviceWithHandler = new FormService(formRepository, List.of(), telegramClient); // No handlers
                                             ^
  required: FormRepository,List<FormSubmissionHandler>,TelegramClient,TelegramMessageService
  found:    FormRepository,List<Object>,TelegramClient
  reason: actual and formal argument lists differ in length
/home/nolan/Code/pet-bed/src/test/java/op/edu/ua/petbed/telegram/service/FormServiceTest.java:252: error: constructor FormService in class FormService cannot be applied to given types;
            FormService underTest = new FormService(formRepository, List.of(), telegramClient);
                                    ^
  required: FormRepository,List<FormSubmissionHandler>,TelegramClient,TelegramMessageService
  found:    FormRepository,List<Object>,TelegramClient
  reason: actual and formal argument lists differ in length
/home/nolan/Code/pet-bed/src/test/java/op/edu/ua/petbed/telegram/service/FormServiceTest.java:270: error: constructor FormService in class FormService cannot be applied to given types;
            FormService underTest = new FormService(formRepository, List.of(), telegramClient);
                                    ^
  required: FormRepository,List<FormSubmissionHandler>,TelegramClient,TelegramMessageService
  found:    FormRepository,List<Object>,TelegramClient
  reason: actual and formal argument lists differ in length
/home/nolan/Code/pet-bed/src/test/java/op/edu/ua/petbed/telegram/service/FormServiceTest.java:289: error: constructor FormService in class FormService cannot be applied to given types;
            FormService underTest = new FormService(formRepository, List.of(), telegramClient);
                                    ^
  required: FormRepository,List<FormSubmissionHandler>,TelegramClient,TelegramMessageService
  found:    FormRepository,List<Object>,TelegramClient
  reason: actual and formal argument lists differ in length
/home/nolan/Code/pet-bed/src/test/java/op/edu/ua/petbed/telegram/service/FormServiceTest.java:303: error: constructor FormService in class FormService cannot be applied to given types;
            FormService underTest = new FormService(formRepository, List.of(), telegramClient);
                                    ^
  required: FormRepository,List<FormSubmissionHandler>,TelegramClient,TelegramMessageService
  found:    FormRepository,List<Object>,TelegramClient
  reason: actual and formal argument lists differ in length
/home/nolan/Code/pet-bed/src/test/java/op/edu/ua/petbed/telegram/service/FormServiceTest.java:323: error: constructor FormService in class FormService cannot be applied to given types;
            FormService underTest = new FormService(formRepository, List.of(), telegramClient);
                                    ^
  required: FormRepository,List<FormSubmissionHandler>,TelegramClient,TelegramMessageService
  found:    FormRepository,List<Object>,TelegramClient
  reason: actual and formal argument lists differ in length
/home/nolan/Code/pet-bed/src/test/java/op/edu/ua/petbed/telegram/service/FormServiceTest.java:343: error: constructor FormService in class FormService cannot be applied to given types;
            FormService underTest = new FormService(formRepository, List.of(), telegramClient);
                                    ^
  required: FormRepository,List<FormSubmissionHandler>,TelegramClient,TelegramMessageService
  found:    FormRepository,List<Object>,TelegramClient
  reason: actual and formal argument lists differ in length
/home/nolan/Code/pet-bed/src/test/java/op/edu/ua/petbed/telegram/service/FormServiceTest.java:362: error: constructor FormService in class FormService cannot be applied to given types;
            FormService underTest = new FormService(formRepository, List.of(), telegramClient);
                                    ^
  required: FormRepository,List<FormSubmissionHandler>,TelegramClient,TelegramMessageService
  found:    FormRepository,List<Object>,TelegramClient
  reason: actual and formal argument lists differ in length
/home/nolan/Code/pet-bed/src/test/java/op/edu/ua/petbed/lost/application/matching/MatchingAlgorithmTest.java:72: error: method create in class FoundRequest cannot be applied to given types;
        return FoundRequest.create(1L, "photo.jpg", PetType.DOG, location, description);
                           ^
  required: CreateFoundRequestDTO
  found:    long,String,PetType,Point,String
  reason: actual and formal argument lists differ in length
/home/nolan/Code/pet-bed/src/test/java/op/edu/ua/petbed/lost/application/matching/MatchingServiceTest.java:105: error: method create in class FoundRequest cannot be applied to given types;
        FoundRequest request = FoundRequest.create(finderId, "photo123", petType, location, "Brown dog found");
                                           ^
  required: CreateFoundRequestDTO
  found:    Long,String,PetType,Point,String
  reason: actual and formal argument lists differ in length
/home/nolan/Code/pet-bed/src/test/java/op/edu/ua/petbed/lost/domain/model/LostRequestTest.java:115: error: cannot find symbol
            assertThat(result.getSearchText()).isEqualTo(expectedSearchText);
                             ^
  symbol:   method getSearchText()
  location: variable result of type LostRequest
/home/nolan/Code/pet-bed/src/test/java/op/edu/ua/petbed/lost/domain/model/LostRequestTest.java:138: error: cannot find symbol
            assertThat(result.getSearchText()).isEqualTo(expectedSearchText);
                             ^
  symbol:   method getSearchText()
  location: variable result of type LostRequest
/home/nolan/Code/pet-bed/src/test/java/op/edu/ua/petbed/lost/domain/model/FoundRequestTest.java:32: error: method create in class FoundRequest cannot be applied to given types;
        FoundRequest foundRequest = FoundRequest.create(finderId, photoUrl, petType, location, description);
                                                ^
  required: CreateFoundRequestDTO
  found:    Long,String,PetType,Point,String
  reason: actual and formal argument lists differ in length
/home/nolan/Code/pet-bed/src/test/java/op/edu/ua/petbed/lost/domain/model/FoundRequestTest.java:39: error: cannot find symbol
        assertThat(foundRequest.getDescription()).isEqualTo(description);
                               ^
  symbol:   method getDescription()
  location: variable foundRequest of type FoundRequest
/home/nolan/Code/pet-bed/src/test/java/op/edu/ua/petbed/lost/domain/model/FoundRequestTest.java:54: error: method create in class FoundRequest cannot be applied to given types;
        assertThatThrownBy(() -> FoundRequest.create(finderId, blankPhotoUrl, petType, location, description))
                                             ^
  required: CreateFoundRequestDTO
  found:    Long,String,PetType,Point,String
  reason: actual and formal argument lists differ in length
/home/nolan/Code/pet-bed/src/test/java/op/edu/ua/petbed/lost/domain/model/FoundRequestTest.java:69: error: method create in class FoundRequest cannot be applied to given types;
        assertThatThrownBy(() -> FoundRequest.create(finderId, photoUrl, petType, location, blankDescription))
                                             ^
  required: CreateFoundRequestDTO
  found:    Long,String,PetType,Point,String
  reason: actual and formal argument lists differ in length
/home/nolan/Code/pet-bed/src/test/java/op/edu/ua/petbed/lost/domain/model/FoundRequestTest.java:84: error: method create in class FoundRequest cannot be applied to given types;
        FoundRequest foundRequest = FoundRequest.create(finderId, photoUrl, petType, location, description);
                                                ^
  required: CreateFoundRequestDTO
  found:    Long,String,PetType,Point,String
  reason: actual and formal argument lists differ in length
/home/nolan/Code/pet-bed/src/test/java/op/edu/ua/petbed/lost/domain/model/FoundRequestTest.java:105: error: method create in class FoundRequest cannot be applied to given types;
        FoundRequest foundRequest = FoundRequest.create(finderId, photoUrl, petType, location, description);
                                                ^
  required: CreateFoundRequestDTO
  found:    Long,String,PetType,Point,String
  reason: actual and formal argument lists differ in length
/home/nolan/Code/pet-bed/src/test/java/op/edu/ua/petbed/lost/domain/model/MatchQueueEntryTest.java:43: error: method create in class FoundRequest cannot be applied to given types;
        FoundRequest found = FoundRequest.create(finderId, "photo123", PetType.DOG, location, "Brown dog found");
                                         ^
  required: CreateFoundRequestDTO
  found:    Long,String,PetType,Point,String
  reason: actual and formal argument lists differ in length
/home/nolan/Code/pet-bed/src/test/java/op/edu/ua/petbed/lost/domain/service/FoundRequestServiceImplTest.java:68: error: method create in class FoundRequest cannot be applied to given types;
        FoundRequest request = FoundRequest.create(
                                           ^
  required: CreateFoundRequestDTO
  found:    Long,String,PetType,Point,String
  reason: actual and formal argument lists differ in length
/home/nolan/Code/pet-bed/src/test/java/op/edu/ua/petbed/lost/domain/service/FoundRequestServiceImplTest.java:101: error: method create in class FoundRequestServiceImpl cannot be applied to given types;
            FoundRequestDTO result = underTest.create(finderId, photoUrl, petType, location, description);
                                              ^
  required: CreateFoundRequestDTO
  found:    Long,String,PetType,Point,String
  reason: actual and formal argument lists differ in length
/home/nolan/Code/pet-bed/src/test/java/op/edu/ua/petbed/lost/domain/service/FoundRequestServiceImplTest.java:110: error: cannot find symbol
            assertThat(result.description()).isEqualTo(description);
                             ^
  symbol:   method description()
  location: variable result of type FoundRequestDTO
/home/nolan/Code/pet-bed/src/test/java/op/edu/ua/petbed/lost/domain/service/FoundRequestServiceImplTest.java:126: error: method create in class FoundRequestServiceImpl cannot be applied to given types;
            underTest.create(finderId, "photo", PetType.CAT, createPoint(50.0, 30.0), "test");
                     ^
  required: CreateFoundRequestDTO
  found:    Long,String,PetType,Point,String
  reason: actual and formal argument lists differ in length
/home/nolan/Code/pet-bed/src/test/java/op/edu/ua/petbed/lost/domain/service/FoundRequestServiceImplTest.java:142: error: method create in class FoundRequestServiceImpl cannot be applied to given types;
            underTest.create(finderId, "photo", PetType.CAT, createPoint(50.0, 30.0), "test");
                     ^
  required: CreateFoundRequestDTO
  found:    Long,String,PetType,Point,String
  reason: actual and formal argument lists differ in length
/home/nolan/Code/pet-bed/src/test/java/op/edu/ua/petbed/lost/domain/service/FoundRequestServiceImplTest.java:166: error: method create in class FoundRequestServiceImpl cannot be applied to given types;
            underTest.create(finderId, photoUrl, petType, location, description);
                     ^
  required: CreateFoundRequestDTO
  found:    Long,String,PetType,Point,String
  reason: actual and formal argument lists differ in length
/home/nolan/Code/pet-bed/src/test/java/op/edu/ua/petbed/lost/domain/service/FoundRequestServiceImplTest.java:177: error: cannot find symbol
            assertThat(capturedRequest.getDescription()).isEqualTo(description);
                                      ^
  symbol:   method getDescription()
  location: variable capturedRequest of type FoundRequest
/home/nolan/Code/pet-bed/src/test/java/op/edu/ua/petbed/lost/domain/service/FoundRequestServiceImplTest.java:186: error: method create in class FoundRequest cannot be applied to given types;
            FoundRequest savedRequest = FoundRequest.create(
                                                    ^
  required: CreateFoundRequestDTO
  found:    Long,String,PetType,Point,String
  reason: actual and formal argument lists differ in length
/home/nolan/Code/pet-bed/src/test/java/op/edu/ua/petbed/lost/domain/service/FoundRequestServiceImplTest.java:194: error: method create in class FoundRequestServiceImpl cannot be applied to given types;
            assertThatThrownBy(() -> underTest.create(finderId, "photo", PetType.DOG, createPoint(50.0, 30.0), "test"))
                                              ^
  required: CreateFoundRequestDTO
  found:    Long,String,PetType,Point,String
  reason: actual and formal argument lists differ in length
/home/nolan/Code/pet-bed/src/test/java/op/edu/ua/petbed/lost/domain/service/FoundRequestServiceImplTest.java:207: error: method create in class FoundRequestServiceImpl cannot be applied to given types;
            assertThatThrownBy(() -> underTest.create(finderId, "photo", PetType.DOG, createPoint(50.0, 30.0), "test"))
                                              ^
  required: CreateFoundRequestDTO
  found:    Long,String,PetType,Point,String
  reason: actual and formal argument lists differ in length
/home/nolan/Code/pet-bed/src/test/java/op/edu/ua/petbed/lost/domain/service/FoundRequestServiceImplTest.java:236: error: cannot find symbol
            assertThat(result.description()).isEqualTo("Brown dog found near park");
                             ^
  symbol:   method description()
  location: variable result of type FoundRequestDTO
/home/nolan/Code/pet-bed/src/test/java/op/edu/ua/petbed/lost/domain/service/FoundRequestServiceImplTest.java:259: error: method create in class FoundRequest cannot be applied to given types;
            FoundRequest request = FoundRequest.create(
                                               ^
  required: CreateFoundRequestDTO
  found:    long,String,PetType,Point,String
  reason: actual and formal argument lists differ in length
/home/nolan/Code/pet-bed/src/test/java/op/edu/ua/petbed/lost/domain/service/FoundRequestServiceImplTest.java:284: error: method create in class FoundRequest cannot be applied to given types;
            FoundRequest request2 = FoundRequest.create(
                                                ^
  required: CreateFoundRequestDTO
  found:    Long,String,PetType,Point,String
  reason: actual and formal argument lists differ in length
/home/nolan/Code/pet-bed/src/test/java/op/edu/ua/petbed/lost/domain/service/FoundRequestServiceImplTest.java:329: error: method create in class FoundRequest cannot be applied to given types;
            FoundRequest request2 = FoundRequest.create(
                                                ^
  required: CreateFoundRequestDTO
  found:    Long,String,PetType,Point,String
  reason: actual and formal argument lists differ in length
/home/nolan/Code/pet-bed/src/test/java/op/edu/ua/petbed/lost/domain/service/FoundRequestServiceImplTest.java:350: error: method create in class FoundRequest cannot be applied to given types;
            FoundRequest request2 = FoundRequest.create(
                                                ^
  required: CreateFoundRequestDTO
  found:    Long,String,PetType,Point,String
  reason: actual and formal argument lists differ in length
/home/nolan/Code/pet-bed/src/test/java/op/edu/ua/petbed/lost/domain/service/MatchQueueServiceTest.java:71: error: method create in class FoundRequest cannot be applied to given types;
        FoundRequest found = FoundRequest.create(finderId, "photo123", PetType.DOG, location, "Brown dog found");
                                         ^
  required: CreateFoundRequestDTO
  found:    Long,String,PetType,Point,String
  reason: actual and formal argument lists differ in length
/home/nolan/Code/pet-bed/src/test/java/op/edu/ua/petbed/lost/domain/service/MatchQueueServiceTest.java:333: error: cannot find symbol
            assertThat(dto.description()).isEqualTo(description);
                          ^
  symbol:   method description()
  location: variable dto of type MatchRecommendationDTO
/home/nolan/Code/pet-bed/src/test/java/op/edu/ua/petbed/lost/domain/repository/MatchQueueRepositoryTest.java:99: error: method create in class FoundRequest cannot be applied to given types;
        return FoundRequest.create(finderId, "photo_url", PetType.DOG, location, "Found description");
                           ^
  required: CreateFoundRequestDTO
  found:    Long,String,PetType,Point,String
  reason: actual and formal argument lists differ in length
/home/nolan/Code/pet-bed/src/test/java/op/edu/ua/petbed/lost/domain/repository/FoundRequestRepositoryTest.java:49: error: method create in class FoundRequest cannot be applied to given types;
        return FoundRequest.create(finderId, "photo_url", type, location, "Test description");
                           ^
  required: CreateFoundRequestDTO
  found:    Long,String,PetType,Point,String
  reason: actual and formal argument lists differ in length
Note: Some input files use unchecked or unsafe operations.
Note: Recompile with -Xlint:unchecked for details.
54 errors

[Incubating] Problems report is available at: file:///home/nolan/Code/pet-bed/build/reports/problems/problems-report.html

FAILURE: Build failed with an exception.

* What went wrong:
Execution failed for task ':compileTestJava'.
> Compilation failed; see the compiler output below.
  /home/nolan/Code/pet-bed/src/test/java/op/edu/ua/petbed/telegram/form/handler/CreateFoundRequestHandlerTest.java:61: error: constructor FoundRequestDTO in record FoundRequestDTO cannot be applied to given types;
              FoundRequestDTO createdDto = new FoundRequestDTO(
                                           ^
    required: Long,Long,String,PetType,Point,String,String,String,String,String,String,Instant
    found:    long,Long,String,PetType,Point,String,Instant
    reason: actual and formal argument lists differ in length
  54 errors

* Try:
> Check your code and dependencies to fix the compilation error(s)
> Run with --scan to get full insights from a Build Scan (powered by Develocity).

BUILD FAILED in 3s
3 actionable tasks: 1 executed, 2 up-to-date
Configuration cache entry stored.
